// Jest Snapshot v1, https://goo.gl/fbAQLP

exports[`Status Loop should print same status info 1`] = `
"Status:
Visible: 1
Hidden: 2
Enabled: 4
Disabled: 8
-----
StatusType:
Optional: 65536
Checked: 131072
Dynamic: 262144
-----
Visible | Optional: 65537
Visible | Checked: 131073
Visible | Dynamic: 262145
Hidden | Optional: 65538
Hidden | Checked: 131074
Hidden | Dynamic: 262146
Enabled | Optional: 65540
Enabled | Checked: 131076
Enabled | Dynamic: 262148
Disabled | Optional: 65544
Disabled | Checked: 131080
Disabled | Dynamic: 262152
"
`;

exports[`createReactorStore and visit should verify detail 1`] = `
{
  "icrc1_balance_of": {
    "argDetail": {
      "arg0": {
        "label": "__arg0",
        "record": {
          "owner": {
            "label": "owner",
            "status": 1,
          },
          "subaccount": {
            "label": "subaccount",
            "optional": {
              "label": "subaccount",
              "status": 1,
              "vector": {
                "label": "subaccount",
                "status": 1,
              },
            },
            "status": 65537,
          },
        },
        "status": 65538,
      },
    },
    "functionName": "icrc1_balance_of",
    "functionType": "query",
    "label": "icrc1_balance_of",
    "retDetail": {
      "ret0": {
        "label": "__ret0",
        "status": 1,
      },
    },
    "status": 1,
  },
  "query_blocks": {
    "argDetail": {
      "arg0": {
        "label": "__arg0",
        "record": {
          "length": {
            "label": "length",
            "status": 1,
          },
          "start": {
            "label": "start",
            "status": 1,
          },
        },
        "status": 65538,
      },
    },
    "functionName": "query_blocks",
    "functionType": "query",
    "label": "query_blocks",
    "retDetail": {
      "ret0": {
        "label": "__ret0",
        "record": {
          "archived_blocks": {
            "label": "archived_blocks",
            "status": 65537,
            "vector": {
              "label": "archived_blocks",
              "record": {
                "callback": {
                  "detail": {
                    "ret0": {
                      "label": "__ret0",
                      "status": 1,
                      "variant": {
                        "Err": {
                          "label": "Err",
                          "status": 65537,
                          "variant": {
                            "BadFirstBlockIndex": {
                              "label": "BadFirstBlockIndex",
                              "record": {
                                "first_valid_index": {
                                  "label": "first_valid_index",
                                  "status": 1,
                                },
                                "requested_index": {
                                  "label": "requested_index",
                                  "status": 1,
                                },
                              },
                              "status": 65537,
                            },
                            "Other": {
                              "label": "Other",
                              "record": {
                                "error_code": {
                                  "label": "error_code",
                                  "status": 1,
                                },
                                "error_message": {
                                  "label": "error_message",
                                  "status": 1,
                                },
                              },
                              "status": 65537,
                            },
                          },
                        },
                        "Ok": {
                          "label": "Ok",
                          "record": {
                            "blocks": {
                              "label": "blocks",
                              "status": 65537,
                              "vector": {
                                "label": "blocks",
                                "record": {
                                  "parent_hash": {
                                    "label": "parent_hash",
                                    "optional": {
                                      "label": "parent_hash",
                                      "status": 65537,
                                      "vector": {
                                        "label": "parent_hash",
                                        "status": 262145,
                                      },
                                    },
                                    "status": 65538,
                                  },
                                  "timestamp": {
                                    "label": "timestamp",
                                    "record": {
                                      "timestamp_nanos": {
                                        "label": "timestamp_nanos",
                                        "status": 1,
                                      },
                                    },
                                    "status": 1,
                                  },
                                  "transaction": {
                                    "label": "transaction",
                                    "record": {
                                      "created_at_time": {
                                        "label": "created_at_time",
                                        "record": {
                                          "timestamp_nanos": {
                                            "label": "timestamp_nanos",
                                            "status": 1,
                                          },
                                        },
                                        "status": 1,
                                      },
                                      "icrc1_memo": {
                                        "label": "icrc1_memo",
                                        "optional": {
                                          "label": "icrc1_memo",
                                          "status": 65537,
                                          "vector": {
                                            "label": "icrc1_memo",
                                            "status": 262145,
                                          },
                                        },
                                        "status": 65538,
                                      },
                                      "memo": {
                                        "label": "memo",
                                        "status": 1,
                                      },
                                      "operation": {
                                        "label": "operation",
                                        "optional": {
                                          "label": "operation",
                                          "status": 1,
                                          "variant": {
                                            "Approve": {
                                              "label": "Approve",
                                              "record": {
                                                "allowance": {
                                                  "label": "allowance",
                                                  "record": {
                                                    "e8s": {
                                                      "label": "e8s",
                                                      "status": 1,
                                                    },
                                                  },
                                                  "status": 1,
                                                },
                                                "allowance_e8s": {
                                                  "label": "allowance_e8s",
                                                  "status": 1,
                                                },
                                                "expected_allowance": {
                                                  "label": "expected_allowance",
                                                  "optional": {
                                                    "label": "expected_allowance",
                                                    "record": {
                                                      "e8s": {
                                                        "label": "e8s",
                                                        "status": 1,
                                                      },
                                                    },
                                                    "status": 1,
                                                  },
                                                  "status": 65538,
                                                },
                                                "expires_at": {
                                                  "label": "expires_at",
                                                  "optional": {
                                                    "label": "expires_at",
                                                    "record": {
                                                      "timestamp_nanos": {
                                                        "label": "timestamp_nanos",
                                                        "status": 1,
                                                      },
                                                    },
                                                    "status": 1,
                                                  },
                                                  "status": 65538,
                                                },
                                                "fee": {
                                                  "label": "fee",
                                                  "record": {
                                                    "e8s": {
                                                      "label": "e8s",
                                                      "status": 1,
                                                    },
                                                  },
                                                  "status": 1,
                                                },
                                                "from": {
                                                  "label": "from",
                                                  "status": 65537,
                                                  "vector": {
                                                    "label": "from",
                                                    "status": 262145,
                                                  },
                                                },
                                                "spender": {
                                                  "label": "spender",
                                                  "status": 65537,
                                                  "vector": {
                                                    "label": "spender",
                                                    "status": 262145,
                                                  },
                                                },
                                              },
                                              "status": 65537,
                                            },
                                            "Burn": {
                                              "label": "Burn",
                                              "record": {
                                                "amount": {
                                                  "label": "amount",
                                                  "record": {
                                                    "e8s": {
                                                      "label": "e8s",
                                                      "status": 1,
                                                    },
                                                  },
                                                  "status": 1,
                                                },
                                                "from": {
                                                  "label": "from",
                                                  "status": 65537,
                                                  "vector": {
                                                    "label": "from",
                                                    "status": 262145,
                                                  },
                                                },
                                                "spender": {
                                                  "label": "spender",
                                                  "optional": {
                                                    "label": "spender",
                                                    "status": 65537,
                                                    "vector": {
                                                      "label": "spender",
                                                      "status": 262145,
                                                    },
                                                  },
                                                  "status": 65538,
                                                },
                                              },
                                              "status": 65537,
                                            },
                                            "Mint": {
                                              "label": "Mint",
                                              "record": {
                                                "amount": {
                                                  "label": "amount",
                                                  "record": {
                                                    "e8s": {
                                                      "label": "e8s",
                                                      "status": 1,
                                                    },
                                                  },
                                                  "status": 1,
                                                },
                                                "to": {
                                                  "label": "to",
                                                  "status": 65537,
                                                  "vector": {
                                                    "label": "to",
                                                    "status": 262145,
                                                  },
                                                },
                                              },
                                              "status": 65537,
                                            },
                                            "Transfer": {
                                              "label": "Transfer",
                                              "record": {
                                                "amount": {
                                                  "label": "amount",
                                                  "record": {
                                                    "e8s": {
                                                      "label": "e8s",
                                                      "status": 1,
                                                    },
                                                  },
                                                  "status": 1,
                                                },
                                                "fee": {
                                                  "label": "fee",
                                                  "record": {
                                                    "e8s": {
                                                      "label": "e8s",
                                                      "status": 1,
                                                    },
                                                  },
                                                  "status": 1,
                                                },
                                                "from": {
                                                  "label": "from",
                                                  "status": 65537,
                                                  "vector": {
                                                    "label": "from",
                                                    "status": 262145,
                                                  },
                                                },
                                                "spender": {
                                                  "label": "spender",
                                                  "optional": {
                                                    "label": "spender",
                                                    "status": 65537,
                                                    "vector": {
                                                      "label": "spender",
                                                      "status": 262145,
                                                    },
                                                  },
                                                  "status": 65538,
                                                },
                                                "to": {
                                                  "label": "to",
                                                  "status": 65537,
                                                  "vector": {
                                                    "label": "to",
                                                    "status": 262145,
                                                  },
                                                },
                                              },
                                              "status": 65537,
                                            },
                                          },
                                        },
                                        "status": 65538,
                                      },
                                    },
                                    "status": 1,
                                  },
                                },
                                "status": 262145,
                              },
                            },
                          },
                          "status": 65537,
                        },
                      },
                    },
                  },
                  "functionName": "callback",
                  "functionType": "query",
                  "label": "callback",
                  "status": 1,
                },
                "length": {
                  "label": "length",
                  "status": 1,
                },
                "start": {
                  "label": "start",
                  "status": 1,
                },
              },
              "status": 262145,
            },
          },
          "blocks": {
            "label": "blocks",
            "status": 65537,
            "vector": {
              "label": "blocks",
              "record": {
                "parent_hash": {
                  "label": "parent_hash",
                  "optional": {
                    "label": "parent_hash",
                    "status": 65537,
                    "vector": {
                      "label": "parent_hash",
                      "status": 262145,
                    },
                  },
                  "status": 65538,
                },
                "timestamp": {
                  "label": "timestamp",
                  "record": {
                    "timestamp_nanos": {
                      "label": "timestamp_nanos",
                      "status": 1,
                    },
                  },
                  "status": 1,
                },
                "transaction": {
                  "label": "transaction",
                  "record": {
                    "created_at_time": {
                      "label": "created_at_time",
                      "record": {
                        "timestamp_nanos": {
                          "label": "timestamp_nanos",
                          "status": 1,
                        },
                      },
                      "status": 1,
                    },
                    "icrc1_memo": {
                      "label": "icrc1_memo",
                      "optional": {
                        "label": "icrc1_memo",
                        "status": 65537,
                        "vector": {
                          "label": "icrc1_memo",
                          "status": 262145,
                        },
                      },
                      "status": 65538,
                    },
                    "memo": {
                      "label": "memo",
                      "status": 1,
                    },
                    "operation": {
                      "label": "operation",
                      "optional": {
                        "label": "operation",
                        "status": 1,
                        "variant": {
                          "Approve": {
                            "label": "Approve",
                            "record": {
                              "allowance": {
                                "label": "allowance",
                                "record": {
                                  "e8s": {
                                    "label": "e8s",
                                    "status": 1,
                                  },
                                },
                                "status": 1,
                              },
                              "allowance_e8s": {
                                "label": "allowance_e8s",
                                "status": 1,
                              },
                              "expected_allowance": {
                                "label": "expected_allowance",
                                "optional": {
                                  "label": "expected_allowance",
                                  "record": {
                                    "e8s": {
                                      "label": "e8s",
                                      "status": 1,
                                    },
                                  },
                                  "status": 1,
                                },
                                "status": 65538,
                              },
                              "expires_at": {
                                "label": "expires_at",
                                "optional": {
                                  "label": "expires_at",
                                  "record": {
                                    "timestamp_nanos": {
                                      "label": "timestamp_nanos",
                                      "status": 1,
                                    },
                                  },
                                  "status": 1,
                                },
                                "status": 65538,
                              },
                              "fee": {
                                "label": "fee",
                                "record": {
                                  "e8s": {
                                    "label": "e8s",
                                    "status": 1,
                                  },
                                },
                                "status": 1,
                              },
                              "from": {
                                "label": "from",
                                "status": 65537,
                                "vector": {
                                  "label": "from",
                                  "status": 262145,
                                },
                              },
                              "spender": {
                                "label": "spender",
                                "status": 65537,
                                "vector": {
                                  "label": "spender",
                                  "status": 262145,
                                },
                              },
                            },
                            "status": 65537,
                          },
                          "Burn": {
                            "label": "Burn",
                            "record": {
                              "amount": {
                                "label": "amount",
                                "record": {
                                  "e8s": {
                                    "label": "e8s",
                                    "status": 1,
                                  },
                                },
                                "status": 1,
                              },
                              "from": {
                                "label": "from",
                                "status": 65537,
                                "vector": {
                                  "label": "from",
                                  "status": 262145,
                                },
                              },
                              "spender": {
                                "label": "spender",
                                "optional": {
                                  "label": "spender",
                                  "status": 65537,
                                  "vector": {
                                    "label": "spender",
                                    "status": 262145,
                                  },
                                },
                                "status": 65538,
                              },
                            },
                            "status": 65537,
                          },
                          "Mint": {
                            "label": "Mint",
                            "record": {
                              "amount": {
                                "label": "amount",
                                "record": {
                                  "e8s": {
                                    "label": "e8s",
                                    "status": 1,
                                  },
                                },
                                "status": 1,
                              },
                              "to": {
                                "label": "to",
                                "status": 65537,
                                "vector": {
                                  "label": "to",
                                  "status": 262145,
                                },
                              },
                            },
                            "status": 65537,
                          },
                          "Transfer": {
                            "label": "Transfer",
                            "record": {
                              "amount": {
                                "label": "amount",
                                "record": {
                                  "e8s": {
                                    "label": "e8s",
                                    "status": 1,
                                  },
                                },
                                "status": 1,
                              },
                              "fee": {
                                "label": "fee",
                                "record": {
                                  "e8s": {
                                    "label": "e8s",
                                    "status": 1,
                                  },
                                },
                                "status": 1,
                              },
                              "from": {
                                "label": "from",
                                "status": 65537,
                                "vector": {
                                  "label": "from",
                                  "status": 262145,
                                },
                              },
                              "spender": {
                                "label": "spender",
                                "optional": {
                                  "label": "spender",
                                  "status": 65537,
                                  "vector": {
                                    "label": "spender",
                                    "status": 262145,
                                  },
                                },
                                "status": 65538,
                              },
                              "to": {
                                "label": "to",
                                "status": 65537,
                                "vector": {
                                  "label": "to",
                                  "status": 262145,
                                },
                              },
                            },
                            "status": 65537,
                          },
                        },
                      },
                      "status": 65538,
                    },
                  },
                  "status": 1,
                },
              },
              "status": 262145,
            },
          },
          "certificate": {
            "label": "certificate",
            "optional": {
              "label": "certificate",
              "status": 65537,
              "vector": {
                "label": "certificate",
                "status": 262145,
              },
            },
            "status": 65538,
          },
          "chain_length": {
            "label": "chain_length",
            "status": 1,
          },
          "first_block_index": {
            "label": "first_block_index",
            "status": 1,
          },
        },
        "status": 65538,
      },
    },
    "status": 1,
  },
}
`;
